// Jest Snapshot v1, https://goo.gl/fbAQLP

exports[`Probar funcionalidad de giftGridItem Probar componente GiftGridItem con snapShot 1`] = `
<Fragment>
  <div
    className="card animate__animated animate__fadeIn  "
  >
    <img
      alt="Title"
      src="http://test.url"
    />
    <p>
      Title
    </p>
  </div>
</Fragment>
`;
